PH proc_common_pkg NULL /home/vens/classes/Fall2014/cpre488/labs/mp1/MP-1/system/pcores/axi_ppm_v1_00_a/devl/projnav/../../../../../../../../../../../../../remote/Xilinx/14.6/EDK/hw/XilinxProcessorIPLib/pcores/proc_common_v3_00_a/hdl/vhdl/proc_common_pkg.vhd sub00/vhpl00 1411601830
PB proc_common_pkg proc_common_pkg /home/vens/classes/Fall2014/cpre488/labs/mp1/MP-1/system/pcores/axi_ppm_v1_00_a/devl/projnav/../../../../../../../../../../../../../remote/Xilinx/14.6/EDK/hw/XilinxProcessorIPLib/pcores/proc_common_v3_00_a/hdl/vhdl/proc_common_pkg.vhd sub00/vhpl01 1411601831
