V3 3
FL /home/vens/classes/Fall2014/cpre488/labs/mp1/MP-1/system/pcores/axi_ppm_v1_00_a/devl/projnav/../../../../../../../../../../../../../remote/Xilinx/14.6/EDK/hw/XilinxProcessorIPLib/pcores/proc_common_v3_00_a/hdl/vhdl/proc_common_pkg.vhd 2013/06/03.22:49:46 P.68d
PH proc_common_v3_00_a/proc_common_pkg 1411601830 \
      FL /home/vens/classes/Fall2014/cpre488/labs/mp1/MP-1/system/pcores/axi_ppm_v1_00_a/devl/projnav/../../../../../../../../../../../../../remote/Xilinx/14.6/EDK/hw/XilinxProcessorIPLib/pcores/proc_common_v3_00_a/hdl/vhdl/proc_common_pkg.vhd \
      PB ieee/std_logic_1164 1370735607 PB ieee/std_logic_arith 1370735608 \
      PB ieee/STD_LOGIC_UNSIGNED 1370735609
PB proc_common_v3_00_a/proc_common_pkg 1411601831 \
      FL /home/vens/classes/Fall2014/cpre488/labs/mp1/MP-1/system/pcores/axi_ppm_v1_00_a/devl/projnav/../../../../../../../../../../../../../remote/Xilinx/14.6/EDK/hw/XilinxProcessorIPLib/pcores/proc_common_v3_00_a/hdl/vhdl/proc_common_pkg.vhd \
      PH proc_common_v3_00_a/proc_common_pkg 1411601830
