V3 16
FL /home/vens/classes/Fall2014/cpre488/labs/mp1/MP-1/system/pcores/axi_ppm_v1_00_a/devl/projnav/../../hdl/vhdl/capture_ppm.vhd 2014/09/24.19:09:04 P.68d
EN axi_ppm_v1_00_a/capture_ppm 1411966184 \
      FL /home/vens/classes/Fall2014/cpre488/labs/mp1/MP-1/system/pcores/axi_ppm_v1_00_a/devl/projnav/../../hdl/vhdl/capture_ppm.vhd \
      PB ieee/std_logic_1164 1370735607 PB ieee/NUMERIC_STD 1370735611
AR axi_ppm_v1_00_a/capture_ppm/Behavioral 1411966185 \
      FL /home/vens/classes/Fall2014/cpre488/labs/mp1/MP-1/system/pcores/axi_ppm_v1_00_a/devl/projnav/../../hdl/vhdl/capture_ppm.vhd \
      EN axi_ppm_v1_00_a/capture_ppm 1411966184
FL /home/vens/classes/Fall2014/cpre488/labs/mp1/MP-1/system/pcores/axi_ppm_v1_00_a/devl/projnav/../../hdl/vhdl/counter.vhd 2014/09/24.21:53:29 P.68d
EN axi_ppm_v1_00_a/vens_counter 1411966111 \
      FL /home/vens/classes/Fall2014/cpre488/labs/mp1/MP-1/system/pcores/axi_ppm_v1_00_a/devl/projnav/../../hdl/vhdl/counter.vhd \
      PB ieee/std_logic_1164 1370735607 PB ieee/NUMERIC_STD 1370735611
AR axi_ppm_v1_00_a/vens_counter/Behavioral 1411966112 \
      FL /home/vens/classes/Fall2014/cpre488/labs/mp1/MP-1/system/pcores/axi_ppm_v1_00_a/devl/projnav/../../hdl/vhdl/counter.vhd \
      EN axi_ppm_v1_00_a/vens_counter 1411966111
FL /home/vens/classes/Fall2014/cpre488/labs/mp1/MP-1/system/pcores/axi_ppm_v1_00_a/devl/projnav/../../hdl/vhdl/user_logic.vhd 2014/09/24.22:33:12 P.68d
EN axi_ppm_v1_00_a/user_logic 0 \
      FL /home/vens/classes/Fall2014/cpre488/labs/mp1/MP-1/system/pcores/axi_ppm_v1_00_a/devl/projnav/../../hdl/vhdl/user_logic.vhd \
      PB ieee/std_logic_1164 1370735607 PB ieee/std_logic_arith 1370735608 \
      PB ieee/STD_LOGIC_UNSIGNED 1370735609 LB proc_common_v3_00_a \
      PB proc_common_v3_00_a/proc_common_pkg 0
AR axi_ppm_v1_00_a/user_logic/IMP 0 \
      FL /home/vens/classes/Fall2014/cpre488/labs/mp1/MP-1/system/pcores/axi_ppm_v1_00_a/devl/projnav/../../hdl/vhdl/user_logic.vhd \
      EN axi_ppm_v1_00_a/user_logic 0 CP filter CP counter CP temp_registers \
      CP read_registers CP capture_ppm CP generate_ppm
